// Vitest Snapshot v1, https://vitest.dev/guide/snapshot.html

exports[`FAQ Page > matches snapshot for visual consistency 1`] = `
<main
  style="width: 100%; max-width: 800px; margin: 0px auto; padding: 24px 16px 200px;"
>
  <div
    style="background-color: var(--bcgov-background-white); border-radius: 6px; box-shadow: 0 4px 6px -1px rgba(0, 0, 0, 0.1); overflow: hidden; border: 1px solid; border-width: var(--bcgov-border-light); border-style: var(--bcgov-border-light); border-color: var(--bcgov-border-light);"
  >
    <div
      style="background-color: var(--bcgov-blue); padding: 24px; display: flex; align-items: center; border-bottom-width: var(--bcgov-gold); border-bottom-style: var(--bcgov-gold); border-bottom-color: var(--bcgov-gold);"
    >
      <h1
        style="color: var(--bcgov-text-white); font-size: 28px; font-family: BCSans, sans-serif; font-weight: 600; margin: 0px;"
      >
        Frequently Asked Questions (FAQ)
      </h1>
    </div>
    <div
      style="padding: 32px; font-family: BCSans, sans-serif; line-height: 1.6;"
    >
      <div
        style="margin-bottom: 32px;"
      >
        <h2
          style="color: var(--bcgov-text-primary); font-size: 20px; font-weight: 600; margin-bottom: 12px; padding-bottom: 8px; border-bottom-width: var(--bcgov-gold); border-bottom-style: var(--bcgov-gold); border-bottom-color: var(--bcgov-gold);"
        >
          How often is the information Refreshed?
        </h2>
        <ul
          style="color: var(--bcgov-text-primary); font-size: 16px; margin-left: 24px; margin-bottom: 16px;"
        >
          <li
            style="margin-bottom: 8px;"
          >
            Cheque information is refreshed daily at 6AM.
          </li>
          <li
            style="margin-bottom: 8px;"
          >
            This information captures data from previous day, information cut off at 5pm.
          </li>
        </ul>
      </div>
      <div
        style="margin-bottom: 32px;"
      >
        <h2
          style="color: var(--bcgov-text-primary); font-size: 20px; font-weight: 600; margin-bottom: 12px; padding-bottom: 8px; border-bottom-width: var(--bcgov-gold); border-bottom-style: var(--bcgov-gold); border-bottom-color: var(--bcgov-gold);"
        >
          Cheque #: Enter in top right Cheque # Information.
        </h2>
        <div
          style="display: flex; justify-content: center; margin-bottom: 16px;"
        >
          <img
            alt="Sample cheque showing where to find the cheque number in the top right corner"
            src="/chequenumber.png"
            style="width: 100%; max-width: 100px; height: auto; border: 1px solid; border-radius: 4px; border-width: var(--bcgov-border-light); border-style: var(--bcgov-border-light); border-color: var(--bcgov-border-light);"
          />
        </div>
      </div>
      <div
        style="margin-bottom: 32px;"
      >
        <h2
          style="color: var(--bcgov-text-primary); font-size: 20px; font-weight: 600; margin-bottom: 12px; padding-bottom: 8px; border-bottom-width: var(--bcgov-gold); border-bottom-style: var(--bcgov-gold); border-bottom-color: var(--bcgov-gold);"
        >
          Can you tell me why a cheque was issued or details about a client's payment history?
        </h2>
        <p
          style="color: var(--bcgov-text-primary); font-size: 16px; margin-bottom: 8px;"
        >
          No. Due to privacy regulations, we cannot provide details such as:
        </p>
        <ul
          style="color: var(--bcgov-text-primary); font-size: 16px; margin-left: 24px; margin-bottom: 16px;"
        >
          <li
            style="margin-bottom: 8px;"
          >
            Why a cheque was issued
          </li>
          <li
            style="margin-bottom: 8px;"
          >
            How many cheques a client is supposed to receive
          </li>
          <li
            style="margin-bottom: 8px;"
          >
            Why a cheque was stopped
          </li>
          <li
            style="margin-bottom: 8px;"
          >
            Whether a client has a history of stopped cheques
          </li>
        </ul>
      </div>
      <div
        style="margin-bottom: 32px;"
      >
        <h2
          style="color: var(--bcgov-text-primary); font-size: 20px; font-weight: 600; margin-bottom: 12px; padding-bottom: 8px; border-bottom-width: var(--bcgov-gold); border-bottom-style: var(--bcgov-gold); border-bottom-color: var(--bcgov-gold);"
        >
          What are the common verification phone numbers for agencies?
        </h2>
        <p
          style="color: var(--bcgov-text-primary); font-size: 16px; margin-bottom: 8px;"
        >
          Here is a quick reference list:
        </p>
        <ul
          style="color: var(--bcgov-text-primary); font-size: 16px; margin-left: 24px; margin-bottom: 16px;"
        >
          <li
            style="margin-bottom: 8px;"
          >
            <strong>
              MCFD Cheques:
            </strong>
             250-356-8139
          </li>
          <li
            style="margin-bottom: 8px;"
          >
            <strong>
              Day Care Subsidy Cheques:
            </strong>
             1-888-338-6622
          </li>
          <li
            style="margin-bottom: 8px;"
          >
            <strong>
              Family Maintenance Cheques:
            </strong>
             1-800-663-9666 or 604-678-5670
          </li>
          <li
            style="margin-bottom: 8px;"
          >
            <strong>
              Community Living Cheques:
            </strong>
             604-664-0784
          </li>
          <li
            style="margin-bottom: 8px;"
          >
            <strong>
              Province of BC General / MSP / Payroll:
            </strong>
             
            1-888-587-7114
          </li>
          <li
            style="margin-bottom: 8px;"
          >
            <strong>
              Enquiry BC:
            </strong>
             1-800-663-7867
          </li>
          <li
            style="margin-bottom: 8px;"
          >
            <strong>
              Province of BC Payment Enquiry (SSBC CAS Business Services):
            </strong>
             
            1-800-663-7867
          </li>
          <li
            style="margin-bottom: 8px;"
          >
            <strong>
              Federal Cheques:
            </strong>
             1-866-552-8034
          </li>
        </ul>
      </div>
    </div>
  </div>
</main>
`;
