// Vitest Snapshot v1, https://vitest.dev/guide/snapshot.html

exports[`DataNotice Component > matches snapshot for visual consistency 1`] = `
<div
  aria-label="Cheque verification data notice"
  role="note"
  style="padding: 16px; background-color: #F4E1E2; border-radius: 6px; box-shadow: 0 4px 6px -1px rgba(0, 0, 0, 0.1); border: 1px solid #CE3E39; margin: 24px auto; max-width: 800px;"
>
  <p
    style="margin: 0px 0px 8px; font-size: 16px; line-height: 1.5;"
  >
    <strong>
      Important data notice
    </strong>
  </p>
  <p
    style="margin: 0px 0px 8px; font-family: BCSans, sans-serif; font-size: 16px; line-height: 1.5;"
  >
    Cheque verification data updates daily at 6 a.m.
  </p>
  <p
    style="margin: 0px; font-family: BCSans, sans-serif; font-size: 16px; line-height: 1.5;"
  >
    The status provided on this site cannot be used as grounds for claiming recourse in the event of the wrongful cashing of a cheque. All applicable Canadian cheque-cashing rules and guidelines continue to apply.
  </p>
</div>
`;
